<?xml version='1.0' encoding='UTF-8'?>
<activityReport>
  <report>activity</report>
  <items>
    <item>
      <bucket>day</bucket>
      <timestamp>2025-01-01T00:00:00Z</timestamp>
      <commits>2</commits>
      <additions>3</additions>
      <deletions>1</deletions>
    </item>
    <item>
      <bucket>day</bucket>
      <timestamp>2025-01-02T00:00:00Z</timestamp>
      <commits>1</commits>
      <additions>1</additions>
      <deletions>0</deletions>
    </item>
  </items>
</activityReport>