bucket,timestamp,commits,additions,deletions
day,2025-01-01T00:00:00Z,2,3,1
day,2025-01-02T00:00:00Z,1,1,0
