author,author_email,commits,additions,deletions,avg_commit_size
Alice,a@ex,3,50,10,20.0
Bob,b@ex,2,30,5,17.5
