path,churn,commits,additions,deletions
b.rb,6,2,4,2
a.rb,3,1,2,1
