path,commits,additions,deletions,changes
b.rb,2,2,1,3
a.rb,1,1,0,1
