{
  "report": "files",
  "items": [
    {
      "path": "b.rb",
      "commits": 2,
      "additions": 2,
      "deletions": 1,
      "changes": 3
    },
    {
      "path": "a.rb",
      "commits": 1,
      "additions": 1,
      "deletions": 0,
      "changes": 1
    }
  ]
}
