{
  "report": "heatmap",
  "items": [
    {
      "dow": 1,
      "hour": 10,
      "commits": 3
    },
    {
      "dow": 1,
      "hour": 11,
      "commits": 1
    }
  ]
}
