path,score,commits,additions,deletions,changes
b.rb,1,2,2,1,3
a.rb,1,1,1,0,1
