language,bytes,percent,color
Ruby,600,60.0,#701516
JavaScript,400,40.0,#f1e05a
