path,owner,owner_share,authors
a.rb,A <a@ex>,60.0,2
b.rb,B <b@ex>,40.0,3
